python : Traceback 
(most recent call 
last):
En línea: 1 Carácter: 
1
+ python scripts/test_
key_player_impact.py 
> test_output.txt 2>&1
+ ~~~~~~~~~~~~~~~~~~~~
~~~~~~~~~~~~~~~~~~~~~~
~~~~~~~~~~~~~~~~~~~~~
    + CategoryInfo    
          : NotSpeci  
  fied: (Traceback    
 (most recent call    
 last)::String) [    
], RemoteExceptio    n
    + FullyQualifiedE 
   rrorId : NativeCo  
  mmandError
 
  File 
"C:\Users\Samuel Ramir
ez\.gemini\antigravity
\scratch\Predicciones\
scripts\test_key_playe
r_impact.py", line 
99, in run_test
    adj = data.load_ba
jas_penalties("data/te
mp_real_bajas_test.jso
n")
  File 
"C:\Users\Samuel Ramir
ez\.gemini\antigravity
\scratch\Predicciones\
src\predicciones\data.
py", line 169, in 
load_bajas_penalties
    print(f"\u26a1 
UPGRADE: {player} 
({team}) is 
ELITE/TOP40. 
Upgrading impact to 
High.")
    ~~~~~^^^^^^^^^^^^^
^^^^^^^^^^^^^^^^^^^^^^
^^^^^^^^^^^^^^^^^^^^^^
^^^^^^^^^^^^^^^^^^^
  File "C:\Program Fil
es\WindowsApps\PythonS
oftwareFoundation.Pyth
on.3.13_3.13.3312.0_x6
4__qbz5n2kfra8p0\Lib\e
ncodings\cp1252.py", 
line 19, in encode
    return codecs.char
map_encode(input,self.
errors,encoding_table)
[0]
           ~~~~~~~~~~~
~~~~~~~~~~^^^^^^^^^^^^
^^^^^^^^^^^^^^^^^^^^^^
UnicodeEncodeError: 
'charmap' codec can't 
encode character 
'\u26a1' in position 
0: character maps to 
<undefined>
--- Running Key Player Impact Test ---
Testing with REAL key_players.json data...
DEBUG: Loaded 66 key players.
DEBUG: Lookup 'Armando Gonzßlez' -> 'armando gonzalez' key=('guadalajara', 'armando gonzalez')
CRITICAL ERROR in load_bajas_penalties: 'charmap' codec can't encode character '\u26a1' in position 0: character maps to <undefined>
